<?xml version='1.0' encoding='UTF-8'?>
<dataset>
  <actionarchive1 id="1" tenantId="1" userId="1" sessionId="session1" ip="127.0.0.1" itemId="1" itemTypeId="1" actionTypeId="1" description="Bread" actionTime="2007-04-15 12:11:00.0"/>
  <actionarchive1 id="2" tenantId="1" userId="1" sessionId="session1" ip="127.0.0.1" itemId="2" itemTypeId="1" actionTypeId="1" description="Tofu" actionTime="2007-04-15 12:12:00.0"/>
  <actionarchive1 id="3" tenantId="1" userId="1" sessionId="session1" ip="127.0.0.1" itemId="3" itemTypeId="1" actionTypeId="1" description="Apple" actionTime="2007-04-15 12:13:00.0"/>
  <actionarchive1 id="4" tenantId="1" userId="2" sessionId="session2" ip="127.0.0.1" itemId="1" itemTypeId="1" actionTypeId="1" description="Bread" actionTime="2007-04-15 12:14:00.0"/>
  <actionarchive1 id="5" tenantId="1" userId="2" sessionId="session2" ip="127.0.0.1" itemId="2" itemTypeId="1" actionTypeId="1" description="Tofu" actionTime="2007-04-15 12:15:00.0"/>
  <actionarchive1 id="6" tenantId="1" userId="2" sessionId="session2" ip="127.0.0.1" itemId="3" itemTypeId="1" actionTypeId="1" description="Apple" actionTime="2007-04-15 12:16:00.0"/>
</dataset>
